------------------------------------------------------------
Timing Analyzer Summary
------------------------------------------------------------

Type  : Slow 1200mV 85C Model Setup 'CLOCK_50'
Slack : -3.769
TNS   : -79.780

Type  : Slow 1200mV 85C Model Setup 'ClkDividerN:inst3|clkOut'
Slack : -0.483
TNS   : -0.794

Type  : Slow 1200mV 85C Model Hold 'ClkDividerN:inst3|clkOut'
Slack : 0.404
TNS   : 0.000

Type  : Slow 1200mV 85C Model Hold 'CLOCK_50'
Slack : 0.442
TNS   : 0.000

Type  : Slow 1200mV 85C Model Minimum Pulse Width 'CLOCK_50'
Slack : -3.000
TNS   : -37.695

Type  : Slow 1200mV 85C Model Minimum Pulse Width 'ClkDividerN:inst3|clkOut'
Slack : -1.285
TNS   : -5.140

Type  : Slow 1200mV 0C Model Setup 'CLOCK_50'
Slack : -3.385
TNS   : -71.063

Type  : Slow 1200mV 0C Model Setup 'ClkDividerN:inst3|clkOut'
Slack : -0.350
TNS   : -0.492

Type  : Slow 1200mV 0C Model Hold 'ClkDividerN:inst3|clkOut'
Slack : 0.354
TNS   : 0.000

Type  : Slow 1200mV 0C Model Hold 'CLOCK_50'
Slack : 0.400
TNS   : 0.000

Type  : Slow 1200mV 0C Model Minimum Pulse Width 'CLOCK_50'
Slack : -3.000
TNS   : -37.695

Type  : Slow 1200mV 0C Model Minimum Pulse Width 'ClkDividerN:inst3|clkOut'
Slack : -1.285
TNS   : -5.140

Type  : Fast 1200mV 0C Model Setup 'CLOCK_50'
Slack : -1.418
TNS   : -23.648

Type  : Fast 1200mV 0C Model Setup 'ClkDividerN:inst3|clkOut'
Slack : 0.287
TNS   : 0.000

Type  : Fast 1200mV 0C Model Hold 'ClkDividerN:inst3|clkOut'
Slack : 0.182
TNS   : 0.000

Type  : Fast 1200mV 0C Model Hold 'CLOCK_50'
Slack : 0.200
TNS   : 0.000

Type  : Fast 1200mV 0C Model Minimum Pulse Width 'CLOCK_50'
Slack : -3.000
TNS   : -31.633

Type  : Fast 1200mV 0C Model Minimum Pulse Width 'ClkDividerN:inst3|clkOut'
Slack : -1.000
TNS   : -4.000

------------------------------------------------------------
