------------------------------------------------------------
Timing Analyzer Summary
------------------------------------------------------------

Type  : Slow 1200mV 85C Model Setup 'CLOCK_50'
Slack : -4.496
TNS   : -98.142

Type  : Slow 1200mV 85C Model Setup 'ClkDividerN:divisor|clkOut'
Slack : 0.130
TNS   : 0.000

Type  : Slow 1200mV 85C Model Hold 'ClkDividerN:divisor|clkOut'
Slack : 0.433
TNS   : 0.000

Type  : Slow 1200mV 85C Model Hold 'CLOCK_50'
Slack : 0.642
TNS   : 0.000

Type  : Slow 1200mV 85C Model Minimum Pulse Width 'CLOCK_50'
Slack : -3.000
TNS   : -40.265

Type  : Slow 1200mV 85C Model Minimum Pulse Width 'ClkDividerN:divisor|clkOut'
Slack : -1.285
TNS   : -3.855

Type  : Slow 1200mV 0C Model Setup 'CLOCK_50'
Slack : -4.041
TNS   : -86.949

Type  : Slow 1200mV 0C Model Setup 'ClkDividerN:divisor|clkOut'
Slack : 0.217
TNS   : 0.000

Type  : Slow 1200mV 0C Model Hold 'ClkDividerN:divisor|clkOut'
Slack : 0.399
TNS   : 0.000

Type  : Slow 1200mV 0C Model Hold 'CLOCK_50'
Slack : 0.588
TNS   : 0.000

Type  : Slow 1200mV 0C Model Minimum Pulse Width 'CLOCK_50'
Slack : -3.000
TNS   : -40.265

Type  : Slow 1200mV 0C Model Minimum Pulse Width 'ClkDividerN:divisor|clkOut'
Slack : -1.285
TNS   : -3.855

Type  : Fast 1200mV 0C Model Setup 'CLOCK_50'
Slack : -1.663
TNS   : -31.791

Type  : Fast 1200mV 0C Model Setup 'ClkDividerN:divisor|clkOut'
Slack : 0.573
TNS   : 0.000

Type  : Fast 1200mV 0C Model Hold 'ClkDividerN:divisor|clkOut'
Slack : 0.190
TNS   : 0.000

Type  : Fast 1200mV 0C Model Hold 'CLOCK_50'
Slack : 0.294
TNS   : 0.000

Type  : Fast 1200mV 0C Model Minimum Pulse Width 'CLOCK_50'
Slack : -3.000
TNS   : -33.783

Type  : Fast 1200mV 0C Model Minimum Pulse Width 'ClkDividerN:divisor|clkOut'
Slack : -1.000
TNS   : -3.000

------------------------------------------------------------
