------------------------------------------------------------
Timing Analyzer Summary
------------------------------------------------------------

Type  : Slow 1200mV 85C Model Setup 'ClkDividerN:divisor|clkOut'
Slack : -4.483
TNS   : -34.651

Type  : Slow 1200mV 85C Model Setup 'CLOCK_50'
Slack : -3.877
TNS   : -79.322

Type  : Slow 1200mV 85C Model Setup 'TimerAuxFSM:timer_aux|s_cntZero'
Slack : -3.630
TNS   : -21.310

Type  : Slow 1200mV 85C Model Setup 'WashMachineFSM:top_level|s_currentState.Tidle'
Slack : -3.255
TNS   : -27.566

Type  : Slow 1200mV 85C Model Hold 'WashMachineFSM:top_level|s_currentState.Tidle'
Slack : 0.300
TNS   : 0.000

Type  : Slow 1200mV 85C Model Hold 'ClkDividerN:divisor|clkOut'
Slack : 0.404
TNS   : 0.000

Type  : Slow 1200mV 85C Model Hold 'CLOCK_50'
Slack : 0.449
TNS   : 0.000

Type  : Slow 1200mV 85C Model Hold 'TimerAuxFSM:timer_aux|s_cntZero'
Slack : 0.759
TNS   : 0.000

Type  : Slow 1200mV 85C Model Minimum Pulse Width 'CLOCK_50'
Slack : -3.000
TNS   : -37.695

Type  : Slow 1200mV 85C Model Minimum Pulse Width 'ClkDividerN:divisor|clkOut'
Slack : -1.285
TNS   : -21.845

Type  : Slow 1200mV 85C Model Minimum Pulse Width 'WashMachineFSM:top_level|s_currentState.Tidle'
Slack : 0.404
TNS   : 0.000

Type  : Slow 1200mV 85C Model Minimum Pulse Width 'TimerAuxFSM:timer_aux|s_cntZero'
Slack : 0.436
TNS   : 0.000

Type  : Slow 1200mV 0C Model Setup 'ClkDividerN:divisor|clkOut'
Slack : -4.021
TNS   : -30.758

Type  : Slow 1200mV 0C Model Setup 'CLOCK_50'
Slack : -3.428
TNS   : -70.044

Type  : Slow 1200mV 0C Model Setup 'TimerAuxFSM:timer_aux|s_cntZero'
Slack : -3.418
TNS   : -20.286

Type  : Slow 1200mV 0C Model Setup 'WashMachineFSM:top_level|s_currentState.Tidle'
Slack : -3.071
TNS   : -25.497

Type  : Slow 1200mV 0C Model Hold 'WashMachineFSM:top_level|s_currentState.Tidle'
Slack : 0.352
TNS   : 0.000

Type  : Slow 1200mV 0C Model Hold 'ClkDividerN:divisor|clkOut'
Slack : 0.355
TNS   : 0.000

Type  : Slow 1200mV 0C Model Hold 'CLOCK_50'
Slack : 0.406
TNS   : 0.000

Type  : Slow 1200mV 0C Model Hold 'TimerAuxFSM:timer_aux|s_cntZero'
Slack : 0.773
TNS   : 0.000

Type  : Slow 1200mV 0C Model Minimum Pulse Width 'CLOCK_50'
Slack : -3.000
TNS   : -37.695

Type  : Slow 1200mV 0C Model Minimum Pulse Width 'ClkDividerN:divisor|clkOut'
Slack : -1.285
TNS   : -21.845

Type  : Slow 1200mV 0C Model Minimum Pulse Width 'TimerAuxFSM:timer_aux|s_cntZero'
Slack : 0.315
TNS   : 0.000

Type  : Slow 1200mV 0C Model Minimum Pulse Width 'WashMachineFSM:top_level|s_currentState.Tidle'
Slack : 0.315
TNS   : 0.000

Type  : Fast 1200mV 0C Model Setup 'ClkDividerN:divisor|clkOut'
Slack : -2.126
TNS   : -14.843

Type  : Fast 1200mV 0C Model Setup 'CLOCK_50'
Slack : -1.532
TNS   : -23.514

Type  : Fast 1200mV 0C Model Setup 'TimerAuxFSM:timer_aux|s_cntZero'
Slack : -1.482
TNS   : -7.671

Type  : Fast 1200mV 0C Model Setup 'WashMachineFSM:top_level|s_currentState.Tidle'
Slack : -1.307
TNS   : -9.602

Type  : Fast 1200mV 0C Model Hold 'WashMachineFSM:top_level|s_currentState.Tidle'
Slack : 0.133
TNS   : 0.000

Type  : Fast 1200mV 0C Model Hold 'ClkDividerN:divisor|clkOut'
Slack : 0.179
TNS   : 0.000

Type  : Fast 1200mV 0C Model Hold 'CLOCK_50'
Slack : 0.203
TNS   : 0.000

Type  : Fast 1200mV 0C Model Hold 'TimerAuxFSM:timer_aux|s_cntZero'
Slack : 0.347
TNS   : 0.000

Type  : Fast 1200mV 0C Model Minimum Pulse Width 'CLOCK_50'
Slack : -3.000
TNS   : -31.632

Type  : Fast 1200mV 0C Model Minimum Pulse Width 'ClkDividerN:divisor|clkOut'
Slack : -1.000
TNS   : -17.000

Type  : Fast 1200mV 0C Model Minimum Pulse Width 'TimerAuxFSM:timer_aux|s_cntZero'
Slack : 0.317
TNS   : 0.000

Type  : Fast 1200mV 0C Model Minimum Pulse Width 'WashMachineFSM:top_level|s_currentState.Tidle'
Slack : 0.330
TNS   : 0.000

------------------------------------------------------------
