------------------------------------------------------------
Timing Analyzer Summary
------------------------------------------------------------

Type  : Slow 1200mV 85C Model Setup 'CLOCK_50'
Slack : -3.604
TNS   : -78.556

Type  : Slow 1200mV 85C Model Setup 'ClkDividerN:inst2|clkOut'
Slack : -0.614
TNS   : -1.971

Type  : Slow 1200mV 85C Model Hold 'ClkDividerN:inst2|clkOut'
Slack : 0.408
TNS   : 0.000

Type  : Slow 1200mV 85C Model Hold 'CLOCK_50'
Slack : 0.465
TNS   : 0.000

Type  : Slow 1200mV 85C Model Minimum Pulse Width 'CLOCK_50'
Slack : -3.000
TNS   : -37.695

Type  : Slow 1200mV 85C Model Minimum Pulse Width 'KEY[0]'
Slack : -3.000
TNS   : -11.079

Type  : Slow 1200mV 85C Model Minimum Pulse Width 'ClkDividerN:inst2|clkOut'
Slack : -2.693
TNS   : -7.833

Type  : Slow 1200mV 0C Model Setup 'CLOCK_50'
Slack : -3.209
TNS   : -69.842

Type  : Slow 1200mV 0C Model Setup 'ClkDividerN:inst2|clkOut'
Slack : -0.451
TNS   : -1.404

Type  : Slow 1200mV 0C Model Hold 'ClkDividerN:inst2|clkOut'
Slack : 0.364
TNS   : 0.000

Type  : Slow 1200mV 0C Model Hold 'CLOCK_50'
Slack : 0.419
TNS   : 0.000

Type  : Slow 1200mV 0C Model Minimum Pulse Width 'CLOCK_50'
Slack : -3.000
TNS   : -37.695

Type  : Slow 1200mV 0C Model Minimum Pulse Width 'KEY[0]'
Slack : -3.000
TNS   : -10.947

Type  : Slow 1200mV 0C Model Minimum Pulse Width 'ClkDividerN:inst2|clkOut'
Slack : -2.649
TNS   : -7.789

Type  : Fast 1200mV 0C Model Setup 'CLOCK_50'
Slack : -1.382
TNS   : -22.900

Type  : Fast 1200mV 0C Model Setup 'ClkDividerN:inst2|clkOut'
Slack : 0.207
TNS   : 0.000

Type  : Fast 1200mV 0C Model Hold 'ClkDividerN:inst2|clkOut'
Slack : 0.188
TNS   : 0.000

Type  : Fast 1200mV 0C Model Hold 'CLOCK_50'
Slack : 0.212
TNS   : 0.000

Type  : Fast 1200mV 0C Model Minimum Pulse Width 'CLOCK_50'
Slack : -3.000
TNS   : -31.620

Type  : Fast 1200mV 0C Model Minimum Pulse Width 'KEY[0]'
Slack : -3.000
TNS   : -6.610

Type  : Fast 1200mV 0C Model Minimum Pulse Width 'ClkDividerN:inst2|clkOut'
Slack : -1.000
TNS   : -5.000

------------------------------------------------------------
